
  EPA STORM WATER MANAGEMENT MODEL - VERSION 5.2 (Build 5.2.4)
  PYSWMM TOOLKIT API - VERSION v1.0 (2024-11-26)
  ------------------------------------------------------------

  
  ****************
  Analysis Options
  ****************
  Flow Units ............... LPS
  Process Models:
    Rainfall/Runoff ........ YES
    RDII ................... NO
    Snowmelt ............... NO
    Groundwater ............ NO
    Flow Routing ........... YES
    Ponding Allowed ........ NO
    Water Quality .......... YES
  Infiltration Method ...... MODIFIED_GREEN_AMPT
  Flow Routing Method ...... KINWAVE
  Starting Date ............ 01/01/2024 00:00:00
  Ending Date .............. 01/01/2024 18:00:59
  Antecedent Dry Days ...... 0.0
  Report Time Step ......... 00:05:00
  Wet Time Step ............ 00:05:00
  Dry Time Step ............ 00:15:00
  Routing Time Step ........ 5.00 sec
  
  
  **************************        Volume         Depth
  Runoff Quantity Continuity     hectare-m            mm
  **************************     ---------       -------
  Total Precipitation ......         0.000         0.003
  Evaporation Loss .........         0.000         0.000
  Infiltration Loss ........         0.000         0.002
  Surface Runoff ...........         0.000         0.000
  Final Storage ............         0.000         0.000
  Continuity Error (%) .....         0.000
  
  
  **************************           TSS          Lead
  Runoff Quality Continuity             kg            kg
  **************************    ----------    ----------
  Initial Buildup ..........         0.000         0.000
  Surface Buildup ..........        74.701         0.000
  Wet Deposition ...........         0.000         0.000
  Sweeping Removal .........         0.000         0.000
  Infiltration Loss ........         0.000         0.000
  BMP Removal ..............         0.000         0.000
  Surface Runoff ...........         0.000         0.000
  Remaining Buildup ........        74.701         0.000
  Continuity Error (%) .....         0.000         0.000
  
  
  **************************        Volume        Volume
  Flow Routing Continuity        hectare-m      10^6 ltr
  **************************     ---------     ---------
  Dry Weather Inflow .......         0.015         0.148
  Wet Weather Inflow .......         0.000         0.000
  Groundwater Inflow .......         0.000         0.000
  RDII Inflow ..............         0.000         0.000
  External Inflow ..........         0.000         0.000
  External Outflow .........         0.004         0.038
  Flooding Loss ............         0.002         0.019
  Evaporation Loss .........         0.000         0.000
  Exfiltration Loss ........         0.000         0.000
  Initial Stored Volume ....         0.000         0.000
  Final Stored Volume ......         0.011         0.110
  Continuity Error (%) .....       -12.405
  
  
  **************************           TSS          Lead
  Quality Routing Continuity            kg            kg
  **************************    ----------    ----------
  Dry Weather Inflow .......         0.000         0.000
  Wet Weather Inflow .......         0.000         0.000
  Groundwater Inflow .......         0.000         0.000
  RDII Inflow ..............         0.000         0.000
  External Inflow ..........         0.000         0.000
  External Outflow .........         0.000         0.000
  Flooding Loss ............         0.000         0.000
  Exfiltration Loss ........         0.000         0.000
  Mass Reacted .............         0.000         0.000
  Initial Stored Mass ......         0.000         0.000
  Final Stored Mass ........         0.000         0.000
  Continuity Error (%) .....         0.000         0.000
  
  
  ********************************
  Highest Flow Instability Indexes
  ********************************
  All links are stable.
  
  
  *************************
  Routing Time Step Summary
  *************************
  Minimum Time Step           :     3.00 sec
  Average Time Step           :     5.00 sec
  Maximum Time Step           :     5.00 sec
  % of Time in Steady State   :     0.00
  Average Iterations per Step :     1.00
  % of Steps Not Converging   :     0.00
  
  
  ***************************
  Subcatchment Runoff Summary
  ***************************
  
  ------------------------------------------------------------------------------------------------------------------------------
                            Total      Total      Total      Total     Imperv       Perv      Total       Total     Peak  Runoff
                           Precip      Runon       Evap      Infil     Runoff     Runoff     Runoff      Runoff   Runoff   Coeff
  Subcatchment                 mm         mm         mm         mm         mm         mm         mm    10^6 ltr      LPS
  ------------------------------------------------------------------------------------------------------------------------------
  S1                         0.00       0.00       0.00       0.00       0.00       0.00       0.00        0.00     0.00   0.000
  S2                         0.00       0.00       0.00       0.00       0.00       0.00       0.00        0.00     0.00   0.000
  S3                         0.00       0.00       0.00       0.00       0.00       0.00       0.00        0.00     0.00   0.000
  S4                         0.00       0.00       0.00       0.00       0.00       0.00       0.00        0.00     0.00   0.000
  S5                         0.00       0.00       0.00       0.00       0.00       0.00       0.00        0.00     0.00   0.000
  S6                         0.00       0.00       0.00       0.00       0.00       0.00       0.00        0.00     0.00   0.000
  S7                         0.00       0.00       0.00       0.00       0.00       0.00       0.00        0.00     0.00   0.000
  S8                         0.00       0.00       0.00       0.00       0.00       0.00       0.00        0.00     0.00   0.000
  S9                         0.00       0.00       0.00       0.00       0.00       0.00       0.00        0.00     0.00   0.000
  SE1                        0.00       0.00       0.00       0.00       0.00       0.00       0.00        0.00     0.00   0.016
  SE2                        0.00       0.00       0.00       0.00       0.00       0.00       0.00        0.00     0.00   0.014
  SE4                        0.00       0.00       0.00       0.00       0.00       0.00       0.00        0.00     0.00   0.015
  SE3                        0.00       0.00       0.00       0.00       0.00       0.00       0.00        0.00     0.00   0.018
  
  
  ****************************
  Subcatchment Washoff Summary
  ****************************
  
  ------------------------------------------------
                                 TSS          Lead
  Subcatchment                    kg            kg
  ------------------------------------------------
  S1                           0.000         0.000
  S2                           0.000         0.000
  S3                           0.000         0.000
  S4                           0.000         0.000
  S5                           0.000         0.000
  S6                           0.000         0.000
  S7                           0.000         0.000
  S8                           0.000         0.000
  S9                           0.000         0.000
  SE1                          0.000         0.000
  SE2                          0.000         0.000
  SE4                          0.000         0.000
  SE3                          0.000         0.000
  ------------------------------------------------
  System                       0.000         0.000
  
  
  ******************
  Node Depth Summary
  ******************
  
  ---------------------------------------------------------------------------------
                                 Average  Maximum  Maximum  Time of Max    Reported
                                   Depth    Depth      HGL   Occurrence   Max Depth
  Node                 Type       Meters   Meters   Meters  days hr:min      Meters
  ---------------------------------------------------------------------------------
  ALP1                 JUNCTION     0.27     0.38    -2.84     0  10:58        0.38
  ALP10                JUNCTION     0.15     0.19     0.54     0  15:16        0.19
  ALP11                JUNCTION     0.11     0.13     2.18     0  14:19        0.13
  ALP12                JUNCTION     0.05     0.10     3.04     0  13:00        0.10
  ALP13                JUNCTION     0.06     0.10     3.70     0  11:21        0.10
  ALP13A               JUNCTION     0.06     0.10     4.92     0  10:00        0.10
  ALP14                JUNCTION     0.07     0.10     5.31     0  09:00        0.10
  ALP2                 JUNCTION     3.49     5.29     2.25     0  06:22        5.29
  ALP3                 JUNCTION     0.23     0.34    -2.32     0  17:21        0.33
  ALP3A                JUNCTION     0.87     5.43     2.89     0  13:47        5.43
  ALP3B                JUNCTION     0.88     4.54     1.93     0  14:21        4.55
  ALP4                 JUNCTION     1.83     5.40     3.00     0  12:26        5.40
  ALP5                 JUNCTION     1.05     4.84     3.00     0  14:41        4.84
  ALP6                 JUNCTION     0.40     4.87     3.57     0  17:11        4.87
  ALP7                 JUNCTION     0.64     4.43     3.70     0  16:06        4.43
  ALP8                 JUNCTION     1.34     4.27     4.00     0  12:58        4.27
  ALP9                 JUNCTION     0.19     0.23     0.19     0  17:00        0.23
  QNB1                 JUNCTION     0.07     0.11     1.16     0  18:00        0.11
  QNB2                 JUNCTION     0.12     0.18     3.69     0  18:00        0.18
  QNB3                 JUNCTION     0.13     0.18     4.05     0  18:00        0.18
  QNB4                 JUNCTION     0.10     0.15     4.31     0  18:00        0.15
  QNB5                 JUNCTION     0.11     0.15     4.51     0  18:00        0.15
  QNB6                 JUNCTION     0.13     0.15     4.87     0  18:00        0.15
  QNB7                 JUNCTION     0.14     0.15     5.22     0  18:00        0.15
  QNB8                 JUNCTION     0.12     0.12     5.72     0  18:00        0.12
  QNB8A                JUNCTION     0.07     0.07     5.86     0  05:44        0.07
  QNB9                 JUNCTION     0.06     0.06     5.99     0  00:00        0.06
  HBM030               OUTFALL      0.10     0.14    -8.43     0  10:58        0.14
  
  
  *******************
  Node Inflow Summary
  *******************
  
  -------------------------------------------------------------------------------------------------
                                  Maximum  Maximum                  Lateral       Total        Flow
                                  Lateral    Total  Time of Max      Inflow      Inflow     Balance
                                   Inflow   Inflow   Occurrence      Volume      Volume       Error
  Node                 Type           LPS      LPS  days hr:min    10^6 ltr    10^6 ltr     Percent
  -------------------------------------------------------------------------------------------------
  ALP1                 JUNCTION      0.11     0.92     0  10:19     0.00713      0.0422       0.000
  ALP10                JUNCTION      0.00     0.48     0  15:16           0      0.0218       0.000
  ALP11                JUNCTION      0.29     0.49     0  14:19      0.0188      0.0233       0.000
  ALP12                JUNCTION      0.00     0.21     0  13:00           0     0.00507       0.000
  ALP13                JUNCTION      0.00     0.20     0  11:21           0     0.00588       0.000
  ALP13A               JUNCTION      0.00     0.21     0  10:00           0     0.00642       0.000
  ALP14                JUNCTION      0.21     0.21     0  09:00     0.00677     0.00677       0.000
  ALP2                 JUNCTION      0.23     1.18     0  17:55      0.0149      0.0514       0.000
  ALP3                 JUNCTION      0.00     1.00     0  17:21           0      0.0421      -0.000
  ALP3A                JUNCTION      0.00     1.00     0  15:34           0      0.0452       0.001
  ALP3B                JUNCTION      0.00     1.01     0  16:09           0      0.0433       0.003
  ALP4                 JUNCTION      0.33     1.36     0  17:09      0.0214      0.0517       0.000
  ALP5                 JUNCTION      0.30     1.13     0  16:03      0.0195       0.042       0.001
  ALP6                 JUNCTION      0.15     1.04     0  18:00     0.00973      0.0337       0.000
  ALP7                 JUNCTION      0.13     1.06     0  18:00     0.00843      0.0362       0.001
  ALP8                 JUNCTION      0.00     1.11     0  18:00           0      0.0424       0.001
  ALP9                 JUNCTION      0.24     0.71     0  17:00      0.0156      0.0332       0.000
  QNB1                 JUNCTION      0.00     0.40     0  18:00           0      0.0122      -0.000
  QNB2                 JUNCTION      0.00     0.40     0  18:00           0      0.0145       0.000
  QNB3                 JUNCTION      0.10     0.40     0  18:00     0.00649      0.0169       0.000
  QNB4                 JUNCTION      0.00     0.30     0  18:00           0      0.0119       0.000
  QNB5                 JUNCTION      0.00     0.30     0  18:00           0      0.0131       0.000
  QNB6                 JUNCTION      0.00     0.30     0  18:00           0       0.015       0.000
  QNB7                 JUNCTION      0.08     0.30     0  18:00     0.00519      0.0171       0.000
  QNB8                 JUNCTION      0.15     0.22     0  18:00     0.00973      0.0138       0.000
  QNB8A                JUNCTION      0.00     0.07     0  05:44           0     0.00447       0.000
  QNB9                 JUNCTION      0.07     0.07     0  00:00     0.00454     0.00454       0.000
  HBM030               OUTFALL       0.00     0.92     0  10:58           0       0.038       0.000
  
  
  *********************
  Node Flooding Summary
  *********************
  
  Flooding refers to all water that overflows a node, whether it ponds or not.
  --------------------------------------------------------------------------
                                                             Total   Maximum
                                 Maximum   Time of Max       Flood    Ponded
                        Hours       Rate    Occurrence      Volume    Volume
  Node                 Flooded       LPS   days hr:min    10^6 ltr   1000 m³
  --------------------------------------------------------------------------
  ALP2                   11.65      0.44      0  17:55       0.011     0.000
  ALP3A                   2.18      0.07      0  15:34       0.000     0.000
  ALP3B                   2.75      0.08      0  16:09       0.000     0.000
  ALP4                    5.58      0.43      0  17:09       0.004     0.000
  ALP5                    3.29      0.15      0  16:03       0.001     0.000
  ALP6                    0.83      0.07      0  18:00       0.000     0.000
  ALP7                    1.91      0.07      0  18:00       0.000     0.000
  ALP8                    5.04      0.23      0  18:00       0.002     0.000
  
  
  ***********************
  Outfall Loading Summary
  ***********************
  
  ---------------------------------------------------------------------------------------
                         Flow       Avg       Max       Total         Total         Total
                         Freq      Flow      Flow      Volume           TSS          Lead
  Outfall Node           Pcnt       LPS       LPS    10^6 ltr            kg            kg
  ---------------------------------------------------------------------------------------
  HBM030                95.07      0.62      0.92       0.038         0.000         0.000
  ---------------------------------------------------------------------------------------
  System                95.07      0.62      0.92       0.038         0.000         0.000
  
  
  ********************
  Link Flow Summary
  ********************
  
  -----------------------------------------------------------------------------
                                 Maximum  Time of Max   Maximum    Max/    Max/
                                  |Flow|   Occurrence   |Veloc|    Full    Full
  Link                 Type          LPS  days hr:min     m/sec    Flow   Depth
  -----------------------------------------------------------------------------
  P-370                CONDUIT      0.92     0  10:58      0.03    0.30    0.37
  P-371                CONDUIT      0.47     0  17:00      0.01    0.48    0.48
  P-372                CONDUIT      0.48     0  15:16      0.02    0.40    0.44
  P-373                CONDUIT      0.20     0  14:19      0.01    0.17    0.28
  P-374                CONDUIT      0.21     0  13:00      0.01    0.25    0.33
  P-375                CONDUIT      0.20     0  11:21      0.01    0.17    0.27
  P-376                CONDUIT      0.21     0  10:00      0.01    0.24    0.33
  P-377                CONDUIT      0.81     0  10:19      0.01    1.08    1.00
  P-378                CONDUIT      0.95     0  17:55      0.01    0.87    0.72
  P-379                CONDUIT      1.01     0  16:09      0.01    1.08    0.93
  P-380                CONDUIT      1.00     0  17:21      0.01    1.08    0.93
  P-381                CONDUIT      1.00     0  15:34      0.01    1.08    1.00
  P-382                CONDUIT      1.03     0  17:09      0.01    1.04    0.90
  P-383                CONDUIT      0.83     0  16:03      0.01    0.86    0.85
  P-384                CONDUIT      0.89     0  18:00      0.01    0.91    0.87
  P-385                CONDUIT      0.93     0  18:00      0.01    1.06    0.94
  P-386                CONDUIT      0.71     0  18:00      0.01    0.70    0.62
  P-21876              CONDUIT      0.40     0  18:00      0.05    0.07    0.18
  P-21877              CONDUIT      0.40     0  18:00      0.02    0.30    0.37
  P-21878              CONDUIT      0.40     0  18:00      0.01    0.64    0.59
  P-21879              CONDUIT      0.30     0  18:00      0.01    0.45    0.47
  P-21880              CONDUIT      0.30     0  18:00      0.01    0.48    0.49
  P-21881              CONDUIT      0.30     0  18:00      0.01    0.47    0.48
  P-21882              CONDUIT      0.30     0  18:00      0.01    0.50    0.50
  P-21883              CONDUIT      0.22     0  18:00      0.01    0.36    0.41
  P-21884              CONDUIT      0.07     0  18:00      0.01    0.13    0.24
  P-21885              CONDUIT      0.07     0  05:44      0.01    0.08    0.19
  
  
  *************************
  Conduit Surcharge Summary
  *************************
  
  ----------------------------------------------------------------------------
                                                           Hours        Hours 
                         --------- Hours Full --------   Above Full   Capacity
  Conduit                Both Ends  Upstream  Dnstream   Normal Flow   Limited
  ----------------------------------------------------------------------------
  P-377                      11.69     11.69     11.69      9.10        11.69
  P-379                       2.23      2.23      2.23      2.47         2.23
  P-380                       3.03      3.03      3.03      3.19         3.03
  P-381                       5.62      5.62      5.62      4.46         5.62
  P-382                       3.36      3.36      3.36      0.03         3.36
  P-383                       0.86      0.86      0.86      0.01         0.86
  P-384                       1.96      1.96      1.96      0.01         1.96
  P-385                       5.11      5.11      5.11      1.50         5.11
  
  
  ***************************
  Link Pollutant Load Summary
  ***************************
  
  ------------------------------------------------
                                 TSS          Lead
  Link                            kg            kg
  ------------------------------------------------
  P-370                        0.000         0.000
  P-371                        0.000         0.000
  P-372                        0.000         0.000
  P-373                        0.000         0.000
  P-374                        0.000         0.000
  P-375                        0.000         0.000
  P-376                        0.000         0.000
  P-377                        0.000         0.000
  P-378                        0.000         0.000
  P-379                        0.000         0.000
  P-380                        0.000         0.000
  P-381                        0.000         0.000
  P-382                        0.000         0.000
  P-383                        0.000         0.000
  P-384                        0.000         0.000
  P-385                        0.000         0.000
  P-386                        0.000         0.000
  P-21876                      0.000         0.000
  P-21877                      0.000         0.000
  P-21878                      0.000         0.000
  P-21879                      0.000         0.000
  P-21880                      0.000         0.000
  P-21881                      0.000         0.000
  P-21882                      0.000         0.000
  P-21883                      0.000         0.000
  P-21884                      0.000         0.000
  P-21885                      0.000         0.000
  

  Analysis begun on:  Tue Feb  4 20:30:09 2025
  Analysis ended on:  Tue Feb  4 20:30:09 2025
  Total elapsed time: < 1 sec